---
source: minblur_lib/src/compiler/mod.rs
assertion_line: 390
expression: "comp.compile_and_generate(\"memory.mblur\", code).unwrap()"

---
main_loop:
write r_ip cell1 0
write r_a cell1 6
write r_b cell1 12
read _t1 cell1 1
jump 3 equal _t1 0
read instr cell1 2
read _t1 cell1 7
jump 6 equal _t1 0
read a_val cell1 8
read _t1 cell1 13
jump 9 equal _t1 0
read b_val cell1 14
jump decode_instr always -1 -1
decode_instr:
op shr __t0 instr 5
op and ia __t0 7
op shr __t0 instr 2
op and ib __t0 7
op and ic instr 3
jump instr_c0 equal ic 0
jump instr_c1 equal ic 1
jump instr_c2 equal ic 2
jump instr_bad always 1 1
instr_c0:
jump instr_bad always 1 1
instr_c1:
instr_c2:
instr_bad:
end
end

